_O_____O__
_____X____
X____XX___
_______O__
____X___X_
__XO_O____
__X_______
O___O_____
O______O__
__X_____X_

XOOXXOXOOX
OXXOXXOXOO
XOOXOXXOXO
XOXXOOXOOX
OXOOXXOXXO
OXXOXOOXOX
XOXXOOXOXO
OXOXOXOXOX
OXOOXOXOXX
XOXOOXOXXO

