__O_O__X___X
____________
OO__X_O_O___
____O_X_____
_OO_________
O__X_OO___O_
__________O_
____O___X___
X____O_OX__X
_OO_________
_____X_X___O
_X___X___X__

XOOXOOXXOOXX
XXOXOOXOXOXO
OOXOXXOXOXOX
OXXOOXXOOXXO
XOOXXOOXXOXO
OXOXXOOXOXOX
XOXOOXXOOXOX
OXOXOXOXXOXO
XOXOXOXOXOOX
XOOXXOXOOXOX
OXXOOXOXXOXO
OXXOXXOOXXOO
