___X__X_O_
_O______O_
__XX_X___X
__________
__O__OO___
O__X______
_____X_O__
XX___X_X__
____X____O
OX________

XXOXOOXXOO
XOXOXOXXOO
OOXXOXOOXX
OXOXOXXOOX
XXOOXOOXXO
OOXXOOXXOX
OOXOXXOOXX
XXOXOXOXOO
XOXOXOXOXO
OXOOXXOOXX
