X___X_____
___O______
OO___O__X_
_O__O___O_
___X__O___
_O__O____O
_O____OX__
_______O__
_OO___O__X
__X__O_X__

XXO_X_____
_X_O______
OOX__OXOXX
_O__OX__O_
_XOXXOOX__
_O__O_XOXO
_O____OX__
_X____XO__
XOOXOXO__X
OXXOXO_X__
