___X___O_X
O______O__
O__XX____X
____O_X___
O______O__
O_____O___
__XX___X__
_O_OO___O_
_______O__
____O_____

XOOXXOXOOX
OXXOOXXOXO
OXOXXOOXOX
XOOXOOXXOX
OXXOXXOOXO
OXOOXXOOXX
XOXXOOXXOO
XOXOOXOXOX
OXOXXOXOXO
XOXOOXOXXO
