__OO___O__
O______O__
____O___X_
X_O___O___
_______X_O
_XX_______
______OO_O
_O______X_
_____O____
X_________

OXOOXOXOXX
OXOXXOXOOX
XOXOOXOXXO
XOOXOXOOXX
OXOXXOXXOO
OXXOOXOXOX
XOXOXXOOXO
XOOXOOXOXX
OXXOXOXXOO
XOXXOXOXOO

