___O__O__O__
_____X____XX
_O__________
______O____O
__O_OX__X_X_
_______O__X_
O__________O
_X_X_O___X__
___X________
X____X____X_
_O__________
______O___X_

OXOOXXOXXOOX
OOXOOXXOXOXX
XOXXOOXXOXOO
XXOOXXOXOXOO
OXOXOXOOXOXX
XOXOXOXOXOXO
OXXOXXOXOXOO
XXOXOOXOOXOX
OOXXOOXOXOXX
XXOOXXOXOOXO
OOXXOOXOXXOX
XOOXXOOXOXXO
