X___X_____
___O______
OO___O__X_
_O__X___O_
____X__X__
_________O
_O____OX__
_______X__
_OO___O___
__X__O_X__

XXOOXXOOXO
XXOOXXOXOO
OOXXOOXOXX
XOXOXOXOOX
OXOOXXOXXO
XXOXOOXOXO
OOXXOXOXOX
OXXOXOXXOO
XOOXOXOOXX
OOXXOOXXOX
