O______O__
_____O___X
____O_____
__XX______
__________
__X_O_____
X__O__OO_X
X______O__
_________X
__O_O_____

OXOXXOXOXO
OXOOXOXXOX
XOXOOXOXOX
XOXXOXOOXO
OXOXXOXXOO
OXXOOXOXOX
XOXOOXOOXX
XOOXXOXOXO
OXXOXOOXOX
XOOXOXXOXO

